c:\users\agraw\source\repos\gyryk\asteroids\in2026 coursework code\vc\asteroids\debug\vc143.pdb
c:\users\agraw\source\repos\gyryk\asteroids\in2026 coursework code\vc\asteroids\debug\vc143.idb
c:\users\agraw\source\repos\gyryk\asteroids\in2026 coursework code\vc\asteroids\debug\asteroid.obj
c:\users\agraw\source\repos\gyryk\asteroids\in2026 coursework code\vc\asteroids\debug\asteroids.obj
c:\users\agraw\source\repos\gyryk\asteroids\in2026 coursework code\vc\asteroids\debug\bullet.obj
c:\users\agraw\source\repos\gyryk\asteroids\in2026 coursework code\vc\asteroids\debug\explosion.obj
c:\users\agraw\source\repos\gyryk\asteroids\in2026 coursework code\vc\asteroids\debug\main.obj
c:\users\agraw\source\repos\gyryk\asteroids\in2026 coursework code\vc\asteroids\debug\spaceship.obj
c:\users\agraw\source\repos\gyryk\asteroids\in2026 coursework code\vc\asteroids\debug\bonus.obj
c:\users\agraw\source\repos\gyryk\asteroids\in2026 coursework code\bin\asteroids.exe
c:\users\agraw\source\repos\gyryk\asteroids\in2026 coursework code\vc\asteroids\debug\asteroids.pdb
c:\users\agraw\source\repos\gyryk\asteroids\in2026 coursework code\vc\asteroids\debug\asteroids.ilk
c:\users\agraw\source\repos\gyryk\asteroids\in2026 coursework code\vc\asteroids\debug\asteroids.tlog\cl.command.1.tlog
c:\users\agraw\source\repos\gyryk\asteroids\in2026 coursework code\vc\asteroids\debug\asteroids.tlog\cl.items.tlog
c:\users\agraw\source\repos\gyryk\asteroids\in2026 coursework code\vc\asteroids\debug\asteroids.tlog\cl.read.1.tlog
c:\users\agraw\source\repos\gyryk\asteroids\in2026 coursework code\vc\asteroids\debug\asteroids.tlog\cl.write.1.tlog
c:\users\agraw\source\repos\gyryk\asteroids\in2026 coursework code\vc\asteroids\debug\asteroids.tlog\link.command.1.tlog
c:\users\agraw\source\repos\gyryk\asteroids\in2026 coursework code\vc\asteroids\debug\asteroids.tlog\link.read.1.tlog
c:\users\agraw\source\repos\gyryk\asteroids\in2026 coursework code\vc\asteroids\debug\asteroids.tlog\link.secondary.1.tlog
c:\users\agraw\source\repos\gyryk\asteroids\in2026 coursework code\vc\asteroids\debug\asteroids.tlog\link.write.1.tlog
